// Jest Snapshot v1, https://goo.gl/fbAQLP

exports[`Component: Text should renders text 1`] = `
<RNCSafeAreaProvider
  onInsetsChange={[Function]}
  style={
    [
      {
        "flex": 1,
      },
      undefined,
    ]
  }
>
  <Text
    dataSet={{}}
    style={
      {
        "backgroundColor": undefined,
        "color": "#171717",
        "fontFamily": undefined,
        "fontSize": 14,
        "fontStyle": "normal",
        "fontWeight": "400",
        "letterSpacing": 0,
        "lineHeight": 21,
        "textDecorationLine": undefined,
      }
    }
  >
    test title
  </Text>
</RNCSafeAreaProvider>
`;
