// Jest Snapshot v1, https://goo.gl/fbAQLP

exports[`Component: FlatList should render flatlist 1`] = `
<RNCSafeAreaProvider
  onInsetsChange={[Function]}
  style={
    [
      {
        "flex": 1,
      },
      undefined,
    ]
  }
>
  <RCTScrollView
    data={
      [
        {
          "id": "bd7acbea-c1b1-46c2-aed5-3ad53abb28ba",
          "title": "First Item",
        },
        {
          "id": "3ac68afc-c605-48d3-a4f8-fbd91aa97f63",
          "title": "Second Item",
        },
        {
          "id": "58694a0f-3da1-471f-bd96-145571e29d72",
          "title": "Third Item",
        },
      ]
    }
    getItem={[Function]}
    getItemCount={[Function]}
    keyExtractor={[Function]}
    onContentSizeChange={[Function]}
    onLayout={[Function]}
    onMomentumScrollBegin={[Function]}
    onMomentumScrollEnd={[Function]}
    onScroll={[Function]}
    onScrollBeginDrag={[Function]}
    onScrollEndDrag={[Function]}
    removeClippedSubviews={false}
    renderItem={[Function]}
    scrollEventThrottle={50}
    stickyHeaderIndices={[]}
    viewabilityConfigCallbackPairs={[]}
  >
    <View>
      <View
        onFocusCapture={[Function]}
        onLayout={[Function]}
        style={null}
      >
        <Text>
          First Item
        </Text>
      </View>
      <View
        onFocusCapture={[Function]}
        onLayout={[Function]}
        style={null}
      >
        <Text>
          Second Item
        </Text>
      </View>
      <View
        onFocusCapture={[Function]}
        onLayout={[Function]}
        style={null}
      >
        <Text>
          Third Item
        </Text>
      </View>
    </View>
  </RCTScrollView>
</RNCSafeAreaProvider>
`;
